// Jest Snapshot v1, https://goo.gl/fbAQLP

exports[`<ActionResolution /> Should match snapshot 1`] = `
<div>
  <Heading
    tag="h4"
    uppercase={true}
  >
    <CircleInformation
      colorIndex="unknown"
      responsive={true}
    />
     Ei tietoa päätöksestä
  </Heading>
</div>
`;
