// Jest Snapshot v1, https://goo.gl/fbAQLP

exports[`<CaseGeo /> Should match snapshot 1`] = `
<Map
  animate={false}
  center={
    Array [
      60.22071379562326,
      25.077758683528398,
    ]
  }
  style={
    Object {
      "height": "300px",
    }
  }
  useFlyTo={false}
  zoom={16}
>
  <TileLayer
    attribution="Â© <a href=\\"http://osm.org/copyright\\">OpenStreetMap</a> contributors"
    url="http://{s}.tile.osm.org/{z}/{x}/{y}.png"
  />
  <Marker
    position={
      Array [
        60.22071379562326,
        25.077758683528398,
      ]
    }
  >
    <Popup>
      <span>
        Alakiventie 5
      </span>
    </Popup>
  </Marker>
  <Polygon
    color="purple"
    positions={
      Array [
        Array [
          60.22155576522049,
          25.078492370173475,
        ],
        Array [
          60.2209582329813,
          25.07898612923674,
        ],
        Array [
          60.2209399601969,
          25.07899939996638,
        ],
        Array [
          60.22092117773851,
          25.07900944001587,
        ],
        Array [
          60.220902038225596,
          25.079016186612012,
        ],
        Array [
          60.22088267633203,
          25.079019567918284,
        ],
        Array [
          60.22086324464457,
          25.079019575286875,
        ],
        Array [
          60.22084388677433,
          25.079016200048645,
        ],
        Array [
          60.22082474630537,
          25.079009478637996,
        ],
        Array [
          60.22080596682146,
          25.07899944748894,
        ],
        Array [
          60.22078768290929,
          25.07898617909662,
        ],
        Array [
          60.22077004707923,
          25.07896979110206,
        ],
        Array [
          60.22075317594003,
          25.07895040105921,
        ],
        Array [
          60.22073721302105,
          25.07892813560655,
        ],
        Array [
          60.219992264434524,
          25.07779082358496,
        ],
        Array [
          60.219992264434524,
          25.07779082358496,
        ],
        Array [
          60.219986382334596,
          25.07778102238484,
        ],
        Array [
          60.21998093162229,
          25.077770247993417,
        ],
        Array [
          60.21997596610199,
          25.077758581722932,
        ],
        Array [
          60.219971503676604,
          25.077746104800237,
        ],
        Array [
          60.21996758916984,
          25.077732907536436,
        ],
        Array [
          60.21996424046887,
          25.077719098219642,
        ],
        Array [
          60.21996149342736,
          25.077704758118717,
        ],
        Array [
          60.2199593659272,
          25.077690004542095,
        ],
        Array [
          60.21995786688031,
          25.077674945756275,
        ],
        Array [
          60.219957014179165,
          25.077659681028432,
        ],
        Array [
          60.21992742663691,
          25.07680422347679,
        ],
        Array [
          60.22101977300276,
          25.076651548121873,
        ],
        Array [
          60.22153154925718,
          25.07779196202046,
        ],
        Array [
          60.22155576522049,
          25.078492370173475,
        ],
      ]
    }
  />
</Map>
`;
