// Jest Snapshot v1, https://goo.gl/fbAQLP

exports[`<LatestCase /> Matches snapshot 1`] = `
<Section
  pad={
    Object {
      "vertical": "medium",
    }
  }
/>
`;
