// Jest Snapshot v1, https://goo.gl/fbAQLP

exports[`<Loader /> should match snapshot 1`] = `
<div>
  <Spinning
    responsive={true}
    size="medium"
  />
  <span>
    LADATAAN...
  </span>
</div>
`;
