// Jest Snapshot v1, https://goo.gl/fbAQLP

exports[`<OrganizationCardList /> Should match snapshot 1`] = `[Function]`;
