// Jest Snapshot v1, https://goo.gl/fbAQLP

exports[`<PageNotFoundContainer /> Matches snapshot 1`] = `
<div
  className="col-xs-12 col-sm-12 col-md-12 col-lg-12"
>
  <span>
    Page not found!
  </span>
</div>
`;
