// Jest Snapshot v1, https://goo.gl/fbAQLP

exports[`<OrganizationContainer /> Matches snapshot 1`] = `
<OrganizationContainer
  dispatch={[Function]}
  organization={Object {}}
  store={
    Object {
      "clearActions": [Function],
      "dispatch": [Function],
      "getActions": [Function],
      "getState": [Function],
      "replaceReducer": [Function],
      "subscribe": [Function],
    }
  }
/>
`;
